Unit Tests (ubuntu-latest, 8.2)	Set up job	2024-09-28T00:31:55.8740266Z Current runner version: '2.319.1'
Unit Tests (ubuntu-latest, 8.2)	Set up job	2024-09-28T00:31:55.8764348Z ##[group]Operating System
Unit Tests (ubuntu-latest, 8.2)	Set up job	2024-09-28T00:31:55.8764986Z Ubuntu
Unit Tests (ubuntu-latest, 8.2)	Set up job	2024-09-28T00:31:55.8765334Z 22.04.5
Unit Tests (ubuntu-latest, 8.2)	Set up job	2024-09-28T00:31:55.8765757Z LTS
Unit Tests (ubuntu-latest, 8.2)	Set up job	2024-09-28T00:31:55.8766052Z ##[endgroup]
Unit Tests (ubuntu-latest, 8.2)	Set up job	2024-09-28T00:31:55.8766421Z ##[group]Runner Image
Unit Tests (ubuntu-latest, 8.2)	Set up job	2024-09-28T00:31:55.8766927Z Image: ubuntu-22.04
Unit Tests (ubuntu-latest, 8.2)	Set up job	2024-09-28T00:31:55.8767284Z Version: 20240922.1.0
Unit Tests (ubuntu-latest, 8.2)	Set up job	2024-09-28T00:31:55.8768276Z Included Software: https://github.com/actions/runner-images/blob/ubuntu22/20240922.1/images/ubuntu/Ubuntu2204-Readme.md
Unit Tests (ubuntu-latest, 8.2)	Set up job	2024-09-28T00:31:55.8769762Z Image Release: https://github.com/actions/runner-images/releases/tag/ubuntu22%2F20240922.1
Unit Tests (ubuntu-latest, 8.2)	Set up job	2024-09-28T00:31:55.8770578Z ##[endgroup]
Unit Tests (ubuntu-latest, 8.2)	Set up job	2024-09-28T00:31:55.8770987Z ##[group]Runner Image Provisioner
Unit Tests (ubuntu-latest, 8.2)	Set up job	2024-09-28T00:31:55.8771546Z 2.0.384.1
Unit Tests (ubuntu-latest, 8.2)	Set up job	2024-09-28T00:31:55.8771851Z ##[endgroup]
Unit Tests (ubuntu-latest, 8.2)	Set up job	2024-09-28T00:31:55.8787270Z ##[group]GITHUB_TOKEN Permissions
Unit Tests (ubuntu-latest, 8.2)	Set up job	2024-09-28T00:31:55.8788930Z Contents: read
Unit Tests (ubuntu-latest, 8.2)	Set up job	2024-09-28T00:31:55.8789452Z Metadata: read
Unit Tests (ubuntu-latest, 8.2)	Set up job	2024-09-28T00:31:55.8789880Z ##[endgroup]
Unit Tests (ubuntu-latest, 8.2)	Set up job	2024-09-28T00:31:55.8793764Z Secret source: Actions
Unit Tests (ubuntu-latest, 8.2)	Set up job	2024-09-28T00:31:55.8794417Z Prepare workflow directory
Unit Tests (ubuntu-latest, 8.2)	Set up job	2024-09-28T00:31:55.9523425Z Prepare all required actions
Unit Tests (ubuntu-latest, 8.2)	Set up job	2024-09-28T00:31:55.9679946Z Getting action download info
Unit Tests (ubuntu-latest, 8.2)	Set up job	2024-09-28T00:31:56.1216248Z Download action repository 'actions/checkout@v4' (SHA:692973e3d937129bcbf40652eb9f2f61becf3332)
Unit Tests (ubuntu-latest, 8.2)	Set up job	2024-09-28T00:31:56.2188327Z Download action repository 'shivammathur/setup-php@v2' (SHA:c541c155eee45413f5b09a52248675b1a2575231)
Unit Tests (ubuntu-latest, 8.2)	Set up job	2024-09-28T00:31:56.6455500Z Complete job name: Unit Tests (ubuntu-latest, 8.2)
Unit Tests (ubuntu-latest, 8.2)	Checkout	2024-09-28T00:31:56.7412247Z ##[group]Run actions/checkout@v4
Unit Tests (ubuntu-latest, 8.2)	Checkout	2024-09-28T00:31:56.7413081Z with:
Unit Tests (ubuntu-latest, 8.2)	Checkout	2024-09-28T00:31:56.7413661Z   repository: sebastianbergmann/phpunit
Unit Tests (ubuntu-latest, 8.2)	Checkout	2024-09-28T00:31:56.7414433Z   token: ***
Unit Tests (ubuntu-latest, 8.2)	Checkout	2024-09-28T00:31:56.7414918Z   ssh-strict: true
Unit Tests (ubuntu-latest, 8.2)	Checkout	2024-09-28T00:31:56.7415276Z   ssh-user: git
Unit Tests (ubuntu-latest, 8.2)	Checkout	2024-09-28T00:31:56.7415669Z   persist-credentials: true
Unit Tests (ubuntu-latest, 8.2)	Checkout	2024-09-28T00:31:56.7416177Z   clean: true
Unit Tests (ubuntu-latest, 8.2)	Checkout	2024-09-28T00:31:56.7416582Z   sparse-checkout-cone-mode: true
Unit Tests (ubuntu-latest, 8.2)	Checkout	2024-09-28T00:31:56.7417100Z   fetch-depth: 1
Unit Tests (ubuntu-latest, 8.2)	Checkout	2024-09-28T00:31:56.7417555Z   fetch-tags: false
Unit Tests (ubuntu-latest, 8.2)	Checkout	2024-09-28T00:31:56.7417955Z   show-progress: true
Unit Tests (ubuntu-latest, 8.2)	Checkout	2024-09-28T00:31:56.7418351Z   lfs: false
Unit Tests (ubuntu-latest, 8.2)	Checkout	2024-09-28T00:31:56.7418760Z   submodules: false
Unit Tests (ubuntu-latest, 8.2)	Checkout	2024-09-28T00:31:56.7419164Z   set-safe-directory: true
Unit Tests (ubuntu-latest, 8.2)	Checkout	2024-09-28T00:31:56.7419597Z env:
Unit Tests (ubuntu-latest, 8.2)	Checkout	2024-09-28T00:31:56.7419992Z   COMPOSER_ROOT_VERSION: 11.4.x-dev
Unit Tests (ubuntu-latest, 8.2)	Checkout	2024-09-28T00:31:56.7420959Z   PHP_EXTENSIONS: none, ctype, curl, dom, json, libxml, mbstring, openssl, phar, soap, tokenizer, xml, xmlwriter
Unit Tests (ubuntu-latest, 8.2)	Checkout	2024-09-28T00:31:56.7422754Z   PHP_INI_VALUES: memory_limit=-1, assert.exception=1, zend.assertions=1, error_reporting=-1, log_errors_max_len=0, display_errors=On
Unit Tests (ubuntu-latest, 8.2)	Checkout	2024-09-28T00:31:56.7424018Z ##[endgroup]
Unit Tests (ubuntu-latest, 8.2)	Checkout	2024-09-28T00:31:56.9374690Z Syncing repository: sebastianbergmann/phpunit
Unit Tests (ubuntu-latest, 8.2)	Checkout	2024-09-28T00:31:56.9377690Z ##[group]Getting Git version info
Unit Tests (ubuntu-latest, 8.2)	Checkout	2024-09-28T00:31:56.9379029Z Working directory is '/home/runner/work/phpunit/phpunit'
Unit Tests (ubuntu-latest, 8.2)	Checkout	2024-09-28T00:31:56.9380928Z [command]/usr/bin/git version
Unit Tests (ubuntu-latest, 8.2)	Checkout	2024-09-28T00:31:56.9381788Z git version 2.46.1
Unit Tests (ubuntu-latest, 8.2)	Checkout	2024-09-28T00:31:56.9410162Z ##[endgroup]
Unit Tests (ubuntu-latest, 8.2)	Checkout	2024-09-28T00:31:56.9428810Z Temporarily overriding HOME='/home/runner/work/_temp/2204a795-47e5-42c2-9629-01b495aa4df2' before making global git config changes
Unit Tests (ubuntu-latest, 8.2)	Checkout	2024-09-28T00:31:56.9431192Z Adding repository directory to the temporary git global config as a safe directory
Unit Tests (ubuntu-latest, 8.2)	Checkout	2024-09-28T00:31:56.9443177Z [command]/usr/bin/git config --global --add safe.directory /home/runner/work/phpunit/phpunit
Unit Tests (ubuntu-latest, 8.2)	Checkout	2024-09-28T00:31:56.9478773Z Deleting the contents of '/home/runner/work/phpunit/phpunit'
Unit Tests (ubuntu-latest, 8.2)	Checkout	2024-09-28T00:31:56.9482857Z ##[group]Initializing the repository
Unit Tests (ubuntu-latest, 8.2)	Checkout	2024-09-28T00:31:56.9487470Z [command]/usr/bin/git init /home/runner/work/phpunit/phpunit
Unit Tests (ubuntu-latest, 8.2)	Checkout	2024-09-28T00:31:56.9553354Z hint: Using 'master' as the name for the initial branch. This default branch name
Unit Tests (ubuntu-latest, 8.2)	Checkout	2024-09-28T00:31:56.9554757Z hint: is subject to change. To configure the initial branch name to use in all
Unit Tests (ubuntu-latest, 8.2)	Checkout	2024-09-28T00:31:56.9555820Z hint: of your new repositories, which will suppress this warning, call:
Unit Tests (ubuntu-latest, 8.2)	Checkout	2024-09-28T00:31:56.9557313Z hint:
Unit Tests (ubuntu-latest, 8.2)	Checkout	2024-09-28T00:31:56.9558066Z hint: 	git config --global init.defaultBranch <name>
Unit Tests (ubuntu-latest, 8.2)	Checkout	2024-09-28T00:31:56.9558800Z hint:
Unit Tests (ubuntu-latest, 8.2)	Checkout	2024-09-28T00:31:56.9560016Z hint: Names commonly chosen instead of 'master' are 'main', 'trunk' and
Unit Tests (ubuntu-latest, 8.2)	Checkout	2024-09-28T00:31:56.9561885Z hint: 'development'. The just-created branch can be renamed via this command:
Unit Tests (ubuntu-latest, 8.2)	Checkout	2024-09-28T00:31:56.9563418Z hint:
Unit Tests (ubuntu-latest, 8.2)	Checkout	2024-09-28T00:31:56.9564320Z hint: 	git branch -m <name>
Unit Tests (ubuntu-latest, 8.2)	Checkout	2024-09-28T00:31:56.9565580Z Initialized empty Git repository in /home/runner/work/phpunit/phpunit/.git/
Unit Tests (ubuntu-latest, 8.2)	Checkout	2024-09-28T00:31:56.9571181Z [command]/usr/bin/git remote add origin https://github.com/sebastianbergmann/phpunit
Unit Tests (ubuntu-latest, 8.2)	Checkout	2024-09-28T00:31:56.9602708Z ##[endgroup]
Unit Tests (ubuntu-latest, 8.2)	Checkout	2024-09-28T00:31:56.9603560Z ##[group]Disabling automatic garbage collection
Unit Tests (ubuntu-latest, 8.2)	Checkout	2024-09-28T00:31:56.9606619Z [command]/usr/bin/git config --local gc.auto 0
Unit Tests (ubuntu-latest, 8.2)	Checkout	2024-09-28T00:31:56.9634464Z ##[endgroup]
Unit Tests (ubuntu-latest, 8.2)	Checkout	2024-09-28T00:31:56.9635287Z ##[group]Setting up auth
Unit Tests (ubuntu-latest, 8.2)	Checkout	2024-09-28T00:31:56.9640941Z [command]/usr/bin/git config --local --name-only --get-regexp core\.sshCommand
Unit Tests (ubuntu-latest, 8.2)	Checkout	2024-09-28T00:31:56.9670487Z [command]/usr/bin/git submodule foreach --recursive sh -c "git config --local --name-only --get-regexp 'core\.sshCommand' && git config --local --unset-all 'core.sshCommand' || :"
Unit Tests (ubuntu-latest, 8.2)	Checkout	2024-09-28T00:31:56.9967040Z [command]/usr/bin/git config --local --name-only --get-regexp http\.https\:\/\/github\.com\/\.extraheader
Unit Tests (ubuntu-latest, 8.2)	Checkout	2024-09-28T00:31:56.9997770Z [command]/usr/bin/git submodule foreach --recursive sh -c "git config --local --name-only --get-regexp 'http\.https\:\/\/github\.com\/\.extraheader' && git config --local --unset-all 'http.https://github.com/.extraheader' || :"
Unit Tests (ubuntu-latest, 8.2)	Checkout	2024-09-28T00:31:57.0221770Z [command]/usr/bin/git config --local http.https://github.com/.extraheader AUTHORIZATION: basic ***
Unit Tests (ubuntu-latest, 8.2)	Checkout	2024-09-28T00:31:57.0266614Z ##[endgroup]
Unit Tests (ubuntu-latest, 8.2)	Checkout	2024-09-28T00:31:57.0267427Z ##[group]Fetching the repository
Unit Tests (ubuntu-latest, 8.2)	Checkout	2024-09-28T00:31:57.0276027Z [command]/usr/bin/git -c protocol.version=2 fetch --no-tags --prune --no-recurse-submodules --depth=1 origin +cbaab3a3e9b09a351e29f80439529f0fa7a6eb0f:refs/remotes/origin/main
Unit Tests (ubuntu-latest, 8.2)	Checkout	2024-09-28T00:31:58.5004524Z From https://github.com/sebastianbergmann/phpunit
Unit Tests (ubuntu-latest, 8.2)	Checkout	2024-09-28T00:31:58.5006778Z  * [new ref]         cbaab3a3e9b09a351e29f80439529f0fa7a6eb0f -> origin/main
Unit Tests (ubuntu-latest, 8.2)	Checkout	2024-09-28T00:31:58.5029913Z ##[endgroup]
Unit Tests (ubuntu-latest, 8.2)	Checkout	2024-09-28T00:31:58.5031359Z ##[group]Determining the checkout info
Unit Tests (ubuntu-latest, 8.2)	Checkout	2024-09-28T00:31:58.5033558Z ##[endgroup]
Unit Tests (ubuntu-latest, 8.2)	Checkout	2024-09-28T00:31:58.5038018Z [command]/usr/bin/git sparse-checkout disable
Unit Tests (ubuntu-latest, 8.2)	Checkout	2024-09-28T00:31:58.5078454Z [command]/usr/bin/git config --local --unset-all extensions.worktreeConfig
Unit Tests (ubuntu-latest, 8.2)	Checkout	2024-09-28T00:31:58.5105803Z ##[group]Checking out the ref
Unit Tests (ubuntu-latest, 8.2)	Checkout	2024-09-28T00:31:58.5110080Z [command]/usr/bin/git checkout --progress --force -B main refs/remotes/origin/main
Unit Tests (ubuntu-latest, 8.2)	Checkout	2024-09-28T00:31:58.7210156Z Switched to a new branch 'main'
Unit Tests (ubuntu-latest, 8.2)	Checkout	2024-09-28T00:31:58.7212004Z branch 'main' set up to track 'origin/main'.
Unit Tests (ubuntu-latest, 8.2)	Checkout	2024-09-28T00:31:58.7224309Z ##[endgroup]
Unit Tests (ubuntu-latest, 8.2)	Checkout	2024-09-28T00:31:58.7262745Z [command]/usr/bin/git log -1 --format='%H'
Unit Tests (ubuntu-latest, 8.2)	Checkout	2024-09-28T00:31:58.7285600Z 'cbaab3a3e9b09a351e29f80439529f0fa7a6eb0f'
Unit Tests (ubuntu-latest, 8.2)	Install PHP with extensions	2024-09-28T00:31:58.7554174Z ##[group]Run shivammathur/setup-php@v2
Unit Tests (ubuntu-latest, 8.2)	Install PHP with extensions	2024-09-28T00:31:58.7554669Z with:
Unit Tests (ubuntu-latest, 8.2)	Install PHP with extensions	2024-09-28T00:31:58.7555014Z   php-version: 8.2
Unit Tests (ubuntu-latest, 8.2)	Install PHP with extensions	2024-09-28T00:31:58.7555721Z   extensions: none, ctype, curl, dom, json, libxml, mbstring, openssl, phar, soap, tokenizer, xml, xmlwriter
Unit Tests (ubuntu-latest, 8.2)	Install PHP with extensions	2024-09-28T00:31:58.7556800Z   ini-values: memory_limit=-1, assert.exception=1, zend.assertions=1, error_reporting=-1, log_errors_max_len=0, display_errors=On
Unit Tests (ubuntu-latest, 8.2)	Install PHP with extensions	2024-09-28T00:31:58.7557521Z   tools: none
Unit Tests (ubuntu-latest, 8.2)	Install PHP with extensions	2024-09-28T00:31:58.7557914Z   ini-file: production
Unit Tests (ubuntu-latest, 8.2)	Install PHP with extensions	2024-09-28T00:31:58.7558273Z env:
Unit Tests (ubuntu-latest, 8.2)	Install PHP with extensions	2024-09-28T00:31:58.7558551Z   COMPOSER_ROOT_VERSION: 11.4.x-dev
Unit Tests (ubuntu-latest, 8.2)	Install PHP with extensions	2024-09-28T00:31:58.7559311Z   PHP_EXTENSIONS: none, ctype, curl, dom, json, libxml, mbstring, openssl, phar, soap, tokenizer, xml, xmlwriter
Unit Tests (ubuntu-latest, 8.2)	Install PHP with extensions	2024-09-28T00:31:58.7560395Z   PHP_INI_VALUES: memory_limit=-1, assert.exception=1, zend.assertions=1, error_reporting=-1, log_errors_max_len=0, display_errors=On
Unit Tests (ubuntu-latest, 8.2)	Install PHP with extensions	2024-09-28T00:31:58.7561321Z ##[endgroup]
Unit Tests (ubuntu-latest, 8.2)	Install PHP with extensions	2024-09-28T00:31:58.7988841Z [command]/usr/bin/bash /home/runner/work/_actions/shivammathur/setup-php/v2/src/scripts/run.sh
Unit Tests (ubuntu-latest, 8.2)	Install PHP with extensions	2024-09-28T00:31:58.8083141Z 
Unit Tests (ubuntu-latest, 8.2)	Install PHP with extensions	2024-09-28T00:31:58.8083875Z [90;1m==> [0m[37;1mSetup PHP[0m
Unit Tests (ubuntu-latest, 8.2)	Install PHP with extensions	2024-09-28T00:32:01.8871449Z [32;1m✓ [0m[34;1mPHP [0m[90;1mInstalled PHP 8.2.23[0m
Unit Tests (ubuntu-latest, 8.2)	Install PHP with extensions	2024-09-28T00:32:01.8872275Z 
Unit Tests (ubuntu-latest, 8.2)	Install PHP with extensions	2024-09-28T00:32:01.8872862Z [90;1m==> [0m[37;1mSetup Extensions[0m
Unit Tests (ubuntu-latest, 8.2)	Install PHP with extensions	2024-09-28T00:32:02.0473799Z [32;1m✓ [0m[34;1mnone [0m[90;1mDisabled all shared extensions[0m
Unit Tests (ubuntu-latest, 8.2)	Install PHP with extensions	2024-09-28T00:32:02.1943785Z [32;1m✓ [0m[34;1mctype [0m[90;1mEnabled[0m
Unit Tests (ubuntu-latest, 8.2)	Install PHP with extensions	2024-09-28T00:32:02.3437925Z [32;1m✓ [0m[34;1mcurl [0m[90;1mEnabled[0m
Unit Tests (ubuntu-latest, 8.2)	Install PHP with extensions	2024-09-28T00:32:02.4993638Z [32;1m✓ [0m[34;1mdom [0m[90;1mEnabled[0m
Unit Tests (ubuntu-latest, 8.2)	Install PHP with extensions	2024-09-28T00:32:02.5023777Z [32;1m✓ [0m[34;1mjson [0m[90;1mEnabled[0m
Unit Tests (ubuntu-latest, 8.2)	Install PHP with extensions	2024-09-28T00:32:02.5059480Z [32;1m✓ [0m[34;1mlibxml [0m[90;1mEnabled[0m
Unit Tests (ubuntu-latest, 8.2)	Install PHP with extensions	2024-09-28T00:32:02.6650770Z [32;1m✓ [0m[34;1mmbstring [0m[90;1mEnabled[0m
Unit Tests (ubuntu-latest, 8.2)	Install PHP with extensions	2024-09-28T00:32:02.6680670Z [32;1m✓ [0m[34;1mopenssl [0m[90;1mEnabled[0m
Unit Tests (ubuntu-latest, 8.2)	Install PHP with extensions	2024-09-28T00:32:02.6711811Z [32;1m✓ [0m[34;1mphar [0m[90;1mEnabled[0m
Unit Tests (ubuntu-latest, 8.2)	Install PHP with extensions	2024-09-28T00:32:02.8319418Z [32;1m✓ [0m[34;1msoap [0m[90;1mEnabled[0m
Unit Tests (ubuntu-latest, 8.2)	Install PHP with extensions	2024-09-28T00:32:02.9909489Z [32;1m✓ [0m[34;1mtokenizer [0m[90;1mEnabled[0m
Unit Tests (ubuntu-latest, 8.2)	Install PHP with extensions	2024-09-28T00:32:03.1512825Z [32;1m✓ [0m[34;1mxml [0m[90;1mEnabled[0m
Unit Tests (ubuntu-latest, 8.2)	Install PHP with extensions	2024-09-28T00:32:03.3108037Z [32;1m✓ [0m[34;1mxmlwriter [0m[90;1mEnabled[0m
Unit Tests (ubuntu-latest, 8.2)	Install PHP with extensions	2024-09-28T00:32:03.3109837Z 
Unit Tests (ubuntu-latest, 8.2)	Install PHP with extensions	2024-09-28T00:32:03.3110258Z [90;1m==> [0m[37;1mAdd php.ini values[0m
Unit Tests (ubuntu-latest, 8.2)	Install PHP with extensions	2024-09-28T00:32:03.3187966Z [32;1m✓ [0m[34;1mmemory_limit=-1 [0m[90;1mAdded to php.ini[0m
Unit Tests (ubuntu-latest, 8.2)	Install PHP with extensions	2024-09-28T00:32:03.3190235Z [32;1m✓ [0m[34;1massert.exception=1 [0m[90;1mAdded to php.ini[0m
Unit Tests (ubuntu-latest, 8.2)	Install PHP with extensions	2024-09-28T00:32:03.3191539Z [32;1m✓ [0m[34;1mzend.assertions=1 [0m[90;1mAdded to php.ini[0m
Unit Tests (ubuntu-latest, 8.2)	Install PHP with extensions	2024-09-28T00:32:03.3193278Z [32;1m✓ [0m[34;1merror_reporting=-1 [0m[90;1mAdded to php.ini[0m
Unit Tests (ubuntu-latest, 8.2)	Install PHP with extensions	2024-09-28T00:32:03.3194646Z [32;1m✓ [0m[34;1mlog_errors_max_len=0 [0m[90;1mAdded to php.ini[0m
Unit Tests (ubuntu-latest, 8.2)	Install PHP with extensions	2024-09-28T00:32:03.3196093Z [32;1m✓ [0m[34;1mdisplay_errors=On [0m[90;1mAdded to php.ini[0m
Unit Tests (ubuntu-latest, 8.2)	Install PHP with extensions	2024-09-28T00:32:03.3196982Z 
Unit Tests (ubuntu-latest, 8.2)	Install PHP with extensions	2024-09-28T00:32:03.3197400Z [90;1m==> [0m[37;1mSponsor setup-php[0m
Unit Tests (ubuntu-latest, 8.2)	Install PHP with extensions	2024-09-28T00:32:03.3198696Z [32;1m✓ [0m[34;1msetup-php [0m[90;1mhttps://setup-php.com/sponsor[0m
Unit Tests (ubuntu-latest, 8.2)	Install dependencies with Composer	2024-09-28T00:32:03.3328247Z ##[group]Run php ./tools/composer install --no-ansi --no-interaction --no-progress
Unit Tests (ubuntu-latest, 8.2)	Install dependencies with Composer	2024-09-28T00:32:03.3329184Z [36;1mphp ./tools/composer install --no-ansi --no-interaction --no-progress[0m
Unit Tests (ubuntu-latest, 8.2)	Install dependencies with Composer	2024-09-28T00:32:03.3356688Z shell: /usr/bin/bash -e {0}
Unit Tests (ubuntu-latest, 8.2)	Install dependencies with Composer	2024-09-28T00:32:03.3357080Z env:
Unit Tests (ubuntu-latest, 8.2)	Install dependencies with Composer	2024-09-28T00:32:03.3357403Z   COMPOSER_ROOT_VERSION: 11.4.x-dev
Unit Tests (ubuntu-latest, 8.2)	Install dependencies with Composer	2024-09-28T00:32:03.3358198Z   PHP_EXTENSIONS: none, ctype, curl, dom, json, libxml, mbstring, openssl, phar, soap, tokenizer, xml, xmlwriter
Unit Tests (ubuntu-latest, 8.2)	Install dependencies with Composer	2024-09-28T00:32:03.3359299Z   PHP_INI_VALUES: memory_limit=-1, assert.exception=1, zend.assertions=1, error_reporting=-1, log_errors_max_len=0, display_errors=On
Unit Tests (ubuntu-latest, 8.2)	Install dependencies with Composer	2024-09-28T00:32:03.3360074Z ##[endgroup]
Unit Tests (ubuntu-latest, 8.2)	Install dependencies with Composer	2024-09-28T00:32:03.4563821Z Installing dependencies from lock file (including require-dev)
Unit Tests (ubuntu-latest, 8.2)	Install dependencies with Composer	2024-09-28T00:32:03.4569835Z Verifying lock file contents can be installed on current platform.
Unit Tests (ubuntu-latest, 8.2)	Install dependencies with Composer	2024-09-28T00:32:03.4654283Z Package operations: 25 installs, 0 updates, 0 removals
Unit Tests (ubuntu-latest, 8.2)	Install dependencies with Composer	2024-09-28T00:32:03.4662089Z   - Downloading myclabs/deep-copy (1.12.0)
Unit Tests (ubuntu-latest, 8.2)	Install dependencies with Composer	2024-09-28T00:32:03.4670214Z   - Downloading phar-io/version (3.2.1)
Unit Tests (ubuntu-latest, 8.2)	Install dependencies with Composer	2024-09-28T00:32:03.4673226Z   - Downloading phar-io/manifest (2.0.4)
Unit Tests (ubuntu-latest, 8.2)	Install dependencies with Composer	2024-09-28T00:32:03.4676555Z   - Downloading theseer/tokenizer (1.2.3)
Unit Tests (ubuntu-latest, 8.2)	Install dependencies with Composer	2024-09-28T00:32:03.4679754Z   - Downloading sebastian/version (5.0.1)
Unit Tests (ubuntu-latest, 8.2)	Install dependencies with Composer	2024-09-28T00:32:03.4683000Z   - Downloading nikic/php-parser (v5.2.0)
Unit Tests (ubuntu-latest, 8.2)	Install dependencies with Composer	2024-09-28T00:32:03.4685919Z   - Downloading sebastian/lines-of-code (3.0.1)
Unit Tests (ubuntu-latest, 8.2)	Install dependencies with Composer	2024-09-28T00:32:03.4688759Z   - Downloading sebastian/environment (7.2.0)
Unit Tests (ubuntu-latest, 8.2)	Install dependencies with Composer	2024-09-28T00:32:03.4691457Z   - Downloading sebastian/complexity (4.0.1)
Unit Tests (ubuntu-latest, 8.2)	Install dependencies with Composer	2024-09-28T00:32:03.4694656Z   - Downloading sebastian/code-unit-reverse-lookup (4.0.1)
Unit Tests (ubuntu-latest, 8.2)	Install dependencies with Composer	2024-09-28T00:32:03.4698037Z   - Downloading phpunit/php-text-template (4.0.1)
Unit Tests (ubuntu-latest, 8.2)	Install dependencies with Composer	2024-09-28T00:32:03.4700777Z   - Downloading phpunit/php-file-iterator (5.1.0)
Unit Tests (ubuntu-latest, 8.2)	Install dependencies with Composer	2024-09-28T00:32:03.4703624Z   - Downloading phpunit/php-code-coverage (11.0.6)
Unit Tests (ubuntu-latest, 8.2)	Install dependencies with Composer	2024-09-28T00:32:03.4705020Z   - Downloading phpunit/php-invoker (5.0.1)
Unit Tests (ubuntu-latest, 8.2)	Install dependencies with Composer	2024-09-28T00:32:03.4706837Z   - Downloading phpunit/php-timer (7.0.1)
Unit Tests (ubuntu-latest, 8.2)	Install dependencies with Composer	2024-09-28T00:32:03.4708083Z   - Downloading sebastian/cli-parser (3.0.2)
Unit Tests (ubuntu-latest, 8.2)	Install dependencies with Composer	2024-09-28T00:32:03.4709688Z   - Downloading sebastian/code-unit (3.0.1)
Unit Tests (ubuntu-latest, 8.2)	Install dependencies with Composer	2024-09-28T00:32:03.4711387Z   - Downloading sebastian/recursion-context (6.0.2)
Unit Tests (ubuntu-latest, 8.2)	Install dependencies with Composer	2024-09-28T00:32:03.4712798Z   - Downloading sebastian/exporter (6.1.3)
Unit Tests (ubuntu-latest, 8.2)	Install dependencies with Composer	2024-09-28T00:32:03.4714433Z   - Downloading sebastian/diff (6.0.2)
Unit Tests (ubuntu-latest, 8.2)	Install dependencies with Composer	2024-09-28T00:32:03.4716049Z   - Downloading sebastian/comparator (6.1.0)
Unit Tests (ubuntu-latest, 8.2)	Install dependencies with Composer	2024-09-28T00:32:03.4717427Z   - Downloading sebastian/object-reflector (4.0.1)
Unit Tests (ubuntu-latest, 8.2)	Install dependencies with Composer	2024-09-28T00:32:03.4718983Z   - Downloading sebastian/global-state (7.0.2)
Unit Tests (ubuntu-latest, 8.2)	Install dependencies with Composer	2024-09-28T00:32:03.4720459Z   - Downloading sebastian/object-enumerator (6.0.1)
Unit Tests (ubuntu-latest, 8.2)	Install dependencies with Composer	2024-09-28T00:32:03.4722016Z   - Downloading sebastian/type (5.1.0)
Unit Tests (ubuntu-latest, 8.2)	Install dependencies with Composer	2024-09-28T00:32:04.1322260Z   - Installing myclabs/deep-copy (1.12.0): Extracting archive
Unit Tests (ubuntu-latest, 8.2)	Install dependencies with Composer	2024-09-28T00:32:04.1363232Z   - Installing phar-io/version (3.2.1): Extracting archive
Unit Tests (ubuntu-latest, 8.2)	Install dependencies with Composer	2024-09-28T00:32:04.1379767Z   - Installing phar-io/manifest (2.0.4): Extracting archive
Unit Tests (ubuntu-latest, 8.2)	Install dependencies with Composer	2024-09-28T00:32:04.1398644Z   - Installing theseer/tokenizer (1.2.3): Extracting archive
Unit Tests (ubuntu-latest, 8.2)	Install dependencies with Composer	2024-09-28T00:32:04.1418434Z   - Installing sebastian/version (5.0.1): Extracting archive
Unit Tests (ubuntu-latest, 8.2)	Install dependencies with Composer	2024-09-28T00:32:04.1464716Z   - Installing nikic/php-parser (v5.2.0): Extracting archive
Unit Tests (ubuntu-latest, 8.2)	Install dependencies with Composer	2024-09-28T00:32:04.1474418Z   - Installing sebastian/lines-of-code (3.0.1): Extracting archive
Unit Tests (ubuntu-latest, 8.2)	Install dependencies with Composer	2024-09-28T00:32:04.1497856Z   - Installing sebastian/environment (7.2.0): Extracting archive
Unit Tests (ubuntu-latest, 8.2)	Install dependencies with Composer	2024-09-28T00:32:04.1517323Z   - Installing sebastian/complexity (4.0.1): Extracting archive
Unit Tests (ubuntu-latest, 8.2)	Install dependencies with Composer	2024-09-28T00:32:04.1557190Z   - Installing sebastian/code-unit-reverse-lookup (4.0.1): Extracting archive
Unit Tests (ubuntu-latest, 8.2)	Install dependencies with Composer	2024-09-28T00:32:04.1598068Z   - Installing phpunit/php-text-template (4.0.1): Extracting archive
Unit Tests (ubuntu-latest, 8.2)	Install dependencies with Composer	2024-09-28T00:32:04.1599529Z   - Installing phpunit/php-file-iterator (5.1.0): Extracting archive
Unit Tests (ubuntu-latest, 8.2)	Install dependencies with Composer	2024-09-28T00:32:04.1600746Z   - Installing phpunit/php-code-coverage (11.0.6): Extracting archive
Unit Tests (ubuntu-latest, 8.2)	Install dependencies with Composer	2024-09-28T00:32:04.1602035Z   - Installing phpunit/php-invoker (5.0.1): Extracting archive
Unit Tests (ubuntu-latest, 8.2)	Install dependencies with Composer	2024-09-28T00:32:04.1604222Z   - Installing phpunit/php-timer (7.0.1): Extracting archive
Unit Tests (ubuntu-latest, 8.2)	Install dependencies with Composer	2024-09-28T00:32:04.1605392Z   - Installing sebastian/cli-parser (3.0.2): Extracting archive
Unit Tests (ubuntu-latest, 8.2)	Install dependencies with Composer	2024-09-28T00:32:04.1609473Z   - Installing sebastian/code-unit (3.0.1): Extracting archive
Unit Tests (ubuntu-latest, 8.2)	Install dependencies with Composer	2024-09-28T00:32:04.1612978Z   - Installing sebastian/recursion-context (6.0.2): Extracting archive
Unit Tests (ubuntu-latest, 8.2)	Install dependencies with Composer	2024-09-28T00:32:04.1616231Z   - Installing sebastian/exporter (6.1.3): Extracting archive
Unit Tests (ubuntu-latest, 8.2)	Install dependencies with Composer	2024-09-28T00:32:04.1623815Z   - Installing sebastian/diff (6.0.2): Extracting archive
Unit Tests (ubuntu-latest, 8.2)	Install dependencies with Composer	2024-09-28T00:32:04.1633584Z   - Installing sebastian/comparator (6.1.0): Extracting archive
Unit Tests (ubuntu-latest, 8.2)	Install dependencies with Composer	2024-09-28T00:32:04.1634888Z   - Installing sebastian/object-reflector (4.0.1): Extracting archive
Unit Tests (ubuntu-latest, 8.2)	Install dependencies with Composer	2024-09-28T00:32:04.1641429Z   - Installing sebastian/global-state (7.0.2): Extracting archive
Unit Tests (ubuntu-latest, 8.2)	Install dependencies with Composer	2024-09-28T00:32:04.1644027Z   - Installing sebastian/object-enumerator (6.0.1): Extracting archive
Unit Tests (ubuntu-latest, 8.2)	Install dependencies with Composer	2024-09-28T00:32:04.1646399Z   - Installing sebastian/type (5.1.0): Extracting archive
Unit Tests (ubuntu-latest, 8.2)	Install dependencies with Composer	2024-09-28T00:32:04.6614411Z Generating optimized autoload files
Unit Tests (ubuntu-latest, 8.2)	Install dependencies with Composer	2024-09-28T00:32:05.0844550Z 23 packages you are using are looking for funding.
Unit Tests (ubuntu-latest, 8.2)	Install dependencies with Composer	2024-09-28T00:32:05.0845352Z Use the `composer fund` command to find out more!
Unit Tests (ubuntu-latest, 8.2)	Run tests with PHPUnit	2024-09-28T00:32:05.1039079Z ##[group]Run php ./phpunit --testsuite unit --order-by depends,random
Unit Tests (ubuntu-latest, 8.2)	Run tests with PHPUnit	2024-09-28T00:32:05.1039824Z [36;1mphp ./phpunit --testsuite unit --order-by depends,random[0m
Unit Tests (ubuntu-latest, 8.2)	Run tests with PHPUnit	2024-09-28T00:32:05.1064372Z shell: /usr/bin/bash -e {0}
Unit Tests (ubuntu-latest, 8.2)	Run tests with PHPUnit	2024-09-28T00:32:05.1064745Z env:
Unit Tests (ubuntu-latest, 8.2)	Run tests with PHPUnit	2024-09-28T00:32:05.1065151Z   COMPOSER_ROOT_VERSION: 11.4.x-dev
Unit Tests (ubuntu-latest, 8.2)	Run tests with PHPUnit	2024-09-28T00:32:05.1066084Z   PHP_EXTENSIONS: none, ctype, curl, dom, json, libxml, mbstring, openssl, phar, soap, tokenizer, xml, xmlwriter
Unit Tests (ubuntu-latest, 8.2)	Run tests with PHPUnit	2024-09-28T00:32:05.1067174Z   PHP_INI_VALUES: memory_limit=-1, assert.exception=1, zend.assertions=1, error_reporting=-1, log_errors_max_len=0, display_errors=On
Unit Tests (ubuntu-latest, 8.2)	Run tests with PHPUnit	2024-09-28T00:32:05.1067957Z ##[endgroup]
Unit Tests (ubuntu-latest, 8.2)	Run tests with PHPUnit	2024-09-28T00:32:05.4927135Z PHPUnit 11.4-dev by Sebastian Bergmann and contributors.
Unit Tests (ubuntu-latest, 8.2)	Run tests with PHPUnit	2024-09-28T00:32:05.4927794Z 
Unit Tests (ubuntu-latest, 8.2)	Run tests with PHPUnit	2024-09-28T00:32:05.4927979Z Runtime:       PHP 8.2.23
Unit Tests (ubuntu-latest, 8.2)	Run tests with PHPUnit	2024-09-28T00:32:05.4928648Z Configuration: /home/runner/work/phpunit/phpunit/phpunit.xml
Unit Tests (ubuntu-latest, 8.2)	Run tests with PHPUnit	2024-09-28T00:32:05.4929454Z Random Seed:   1727483525
Unit Tests (ubuntu-latest, 8.2)	Run tests with PHPUnit	2024-09-28T00:32:05.4929750Z 
Unit Tests (ubuntu-latest, 8.2)	Run tests with PHPUnit	2024-09-28T00:32:05.6266525Z .............................................................   61 / 3876 (  1%)
Unit Tests (ubuntu-latest, 8.2)	Run tests with PHPUnit	2024-09-28T00:32:05.6450058Z .............................................................  122 / 3876 (  3%)
Unit Tests (ubuntu-latest, 8.2)	Run tests with PHPUnit	2024-09-28T00:32:05.6599422Z .............................................................  183 / 3876 (  4%)
Unit Tests (ubuntu-latest, 8.2)	Run tests with PHPUnit	2024-09-28T00:32:05.6680621Z .............................................................  244 / 3876 (  6%)
Unit Tests (ubuntu-latest, 8.2)	Run tests with PHPUnit	2024-09-28T00:32:05.6782941Z .............................................................  305 / 3876 (  7%)
Unit Tests (ubuntu-latest, 8.2)	Run tests with PHPUnit	2024-09-28T00:32:05.6873421Z .............................................................  366 / 3876 (  9%)
Unit Tests (ubuntu-latest, 8.2)	Run tests with PHPUnit	2024-09-28T00:32:05.6946556Z .............................................................  427 / 3876 ( 11%)
Unit Tests (ubuntu-latest, 8.2)	Run tests with PHPUnit	2024-09-28T00:32:05.7051414Z .............................................................  488 / 3876 ( 12%)
Unit Tests (ubuntu-latest, 8.2)	Run tests with PHPUnit	2024-09-28T00:32:05.7182737Z .............................................................  549 / 3876 ( 14%)
Unit Tests (ubuntu-latest, 8.2)	Run tests with PHPUnit	2024-09-28T00:32:05.7262552Z .............................................................  610 / 3876 ( 15%)
Unit Tests (ubuntu-latest, 8.2)	Run tests with PHPUnit	2024-09-28T00:32:05.7355683Z .............................................................  671 / 3876 ( 17%)
Unit Tests (ubuntu-latest, 8.2)	Run tests with PHPUnit	2024-09-28T00:32:05.7445729Z .............................................................  732 / 3876 ( 18%)
Unit Tests (ubuntu-latest, 8.2)	Run tests with PHPUnit	2024-09-28T00:32:05.7522888Z .............................................................  793 / 3876 ( 20%)
Unit Tests (ubuntu-latest, 8.2)	Run tests with PHPUnit	2024-09-28T00:32:05.7614163Z .............................................................  854 / 3876 ( 22%)
Unit Tests (ubuntu-latest, 8.2)	Run tests with PHPUnit	2024-09-28T00:32:05.7711622Z .............................................................  915 / 3876 ( 23%)
Unit Tests (ubuntu-latest, 8.2)	Run tests with PHPUnit	2024-09-28T00:32:05.8055878Z .............................................................  976 / 3876 ( 25%)
Unit Tests (ubuntu-latest, 8.2)	Run tests with PHPUnit	2024-09-28T00:32:05.8136003Z ............................................................. 1037 / 3876 ( 26%)
Unit Tests (ubuntu-latest, 8.2)	Run tests with PHPUnit	2024-09-28T00:32:05.8237057Z ................................................S.........S.. 1098 / 3876 ( 28%)
Unit Tests (ubuntu-latest, 8.2)	Run tests with PHPUnit	2024-09-28T00:32:05.8341658Z ............................................................. 1159 / 3876 ( 29%)
Unit Tests (ubuntu-latest, 8.2)	Run tests with PHPUnit	2024-09-28T00:32:05.8406344Z ............................................................. 1220 / 3876 ( 31%)
Unit Tests (ubuntu-latest, 8.2)	Run tests with PHPUnit	2024-09-28T00:32:05.8508460Z ............................................................. 1281 / 3876 ( 33%)
Unit Tests (ubuntu-latest, 8.2)	Run tests with PHPUnit	2024-09-28T00:32:05.8600909Z ............................................................. 1342 / 3876 ( 34%)
Unit Tests (ubuntu-latest, 8.2)	Run tests with PHPUnit	2024-09-28T00:32:05.8712825Z ..........................S...............S.................. 1403 / 3876 ( 36%)
Unit Tests (ubuntu-latest, 8.2)	Run tests with PHPUnit	2024-09-28T00:32:05.8807140Z ............................................................. 1464 / 3876 ( 37%)
Unit Tests (ubuntu-latest, 8.2)	Run tests with PHPUnit	2024-09-28T00:32:05.8922844Z ............................................................. 1525 / 3876 ( 39%)
Unit Tests (ubuntu-latest, 8.2)	Run tests with PHPUnit	2024-09-28T00:32:05.9016445Z ............................................................. 1586 / 3876 ( 40%)
Unit Tests (ubuntu-latest, 8.2)	Run tests with PHPUnit	2024-09-28T00:32:05.9129538Z ............................................................. 1647 / 3876 ( 42%)
Unit Tests (ubuntu-latest, 8.2)	Run tests with PHPUnit	2024-09-28T00:32:05.9225355Z ............................................................. 1708 / 3876 ( 44%)
Unit Tests (ubuntu-latest, 8.2)	Run tests with PHPUnit	2024-09-28T00:32:05.9316369Z ............................................................. 1769 / 3876 ( 45%)
Unit Tests (ubuntu-latest, 8.2)	Run tests with PHPUnit	2024-09-28T00:32:05.9414967Z ............................................................. 1830 / 3876 ( 47%)
Unit Tests (ubuntu-latest, 8.2)	Run tests with PHPUnit	2024-09-28T00:32:05.9497964Z ............................................................. 1891 / 3876 ( 48%)
Unit Tests (ubuntu-latest, 8.2)	Run tests with PHPUnit	2024-09-28T00:32:05.9575536Z ............................................................. 1952 / 3876 ( 50%)
Unit Tests (ubuntu-latest, 8.2)	Run tests with PHPUnit	2024-09-28T00:32:05.9690457Z ............................................................. 2013 / 3876 ( 51%)
Unit Tests (ubuntu-latest, 8.2)	Run tests with PHPUnit	2024-09-28T00:32:06.0290454Z ............................................................. 2074 / 3876 ( 53%)
Unit Tests (ubuntu-latest, 8.2)	Run tests with PHPUnit	2024-09-28T00:32:06.0391249Z ............................................................. 2135 / 3876 ( 55%)
Unit Tests (ubuntu-latest, 8.2)	Run tests with PHPUnit	2024-09-28T00:32:06.0468951Z ............................................................. 2196 / 3876 ( 56%)
Unit Tests (ubuntu-latest, 8.2)	Run tests with PHPUnit	2024-09-28T00:32:06.0856389Z ............................................................. 2257 / 3876 ( 58%)
Unit Tests (ubuntu-latest, 8.2)	Run tests with PHPUnit	2024-09-28T00:32:06.0948956Z ............................................................. 2318 / 3876 ( 59%)
Unit Tests (ubuntu-latest, 8.2)	Run tests with PHPUnit	2024-09-28T00:32:06.2938934Z ............................................................. 2379 / 3876 ( 61%)
Unit Tests (ubuntu-latest, 8.2)	Run tests with PHPUnit	2024-09-28T00:32:06.3085811Z ............................................................. 2440 / 3876 ( 62%)
Unit Tests (ubuntu-latest, 8.2)	Run tests with PHPUnit	2024-09-28T00:32:06.3230713Z ............................................................. 2501 / 3876 ( 64%)
Unit Tests (ubuntu-latest, 8.2)	Run tests with PHPUnit	2024-09-28T00:32:06.3335823Z ............................................................. 2562 / 3876 ( 66%)
Unit Tests (ubuntu-latest, 8.2)	Run tests with PHPUnit	2024-09-28T00:32:06.3410026Z ............................................................. 2623 / 3876 ( 67%)
Unit Tests (ubuntu-latest, 8.2)	Run tests with PHPUnit	2024-09-28T00:32:06.3483633Z ............................................................. 2684 / 3876 ( 69%)
Unit Tests (ubuntu-latest, 8.2)	Run tests with PHPUnit	2024-09-28T00:32:06.3557953Z ............................................................. 2745 / 3876 ( 70%)
Unit Tests (ubuntu-latest, 8.2)	Run tests with PHPUnit	2024-09-28T00:32:06.3694807Z ............................................................. 2806 / 3876 ( 72%)
Unit Tests (ubuntu-latest, 8.2)	Run tests with PHPUnit	2024-09-28T00:32:06.3797941Z ............................................................. 2867 / 3876 ( 73%)
Unit Tests (ubuntu-latest, 8.2)	Run tests with PHPUnit	2024-09-28T00:32:06.3876985Z ............................................................. 2928 / 3876 ( 75%)
Unit Tests (ubuntu-latest, 8.2)	Run tests with PHPUnit	2024-09-28T00:32:06.3966180Z ............................................................. 2989 / 3876 ( 77%)
Unit Tests (ubuntu-latest, 8.2)	Run tests with PHPUnit	2024-09-28T00:32:06.4049182Z ............................................................. 3050 / 3876 ( 78%)
Unit Tests (ubuntu-latest, 8.2)	Run tests with PHPUnit	2024-09-28T00:32:06.4203142Z ............................................................. 3111 / 3876 ( 80%)
Unit Tests (ubuntu-latest, 8.2)	Run tests with PHPUnit	2024-09-28T00:32:06.4303278Z ............................................................. 3172 / 3876 ( 81%)
Unit Tests (ubuntu-latest, 8.2)	Run tests with PHPUnit	2024-09-28T00:32:06.4382695Z ............................................................. 3233 / 3876 ( 83%)
Unit Tests (ubuntu-latest, 8.2)	Run tests with PHPUnit	2024-09-28T00:32:06.4467111Z ............................................................. 3294 / 3876 ( 84%)
Unit Tests (ubuntu-latest, 8.2)	Run tests with PHPUnit	2024-09-28T00:32:06.4524969Z ............................................................. 3355 / 3876 ( 86%)
Unit Tests (ubuntu-latest, 8.2)	Run tests with PHPUnit	2024-09-28T00:32:06.4582657Z ............................................................. 3416 / 3876 ( 88%)
Unit Tests (ubuntu-latest, 8.2)	Run tests with PHPUnit	2024-09-28T00:32:06.4655940Z ............................................................. 3477 / 3876 ( 89%)
Unit Tests (ubuntu-latest, 8.2)	Run tests with PHPUnit	2024-09-28T00:32:06.4715850Z ............................................................. 3538 / 3876 ( 91%)
Unit Tests (ubuntu-latest, 8.2)	Run tests with PHPUnit	2024-09-28T00:32:06.4774003Z ............................................................. 3599 / 3876 ( 92%)
Unit Tests (ubuntu-latest, 8.2)	Run tests with PHPUnit	2024-09-28T00:32:06.4836692Z ............................................................. 3660 / 3876 ( 94%)
Unit Tests (ubuntu-latest, 8.2)	Run tests with PHPUnit	2024-09-28T00:32:06.4918306Z ............................................................. 3721 / 3876 ( 96%)
Unit Tests (ubuntu-latest, 8.2)	Run tests with PHPUnit	2024-09-28T00:32:06.4995123Z ............................................................. 3782 / 3876 ( 97%)
Unit Tests (ubuntu-latest, 8.2)	Run tests with PHPUnit	2024-09-28T00:32:06.5102644Z ............................................................. 3843 / 3876 ( 99%)
Unit Tests (ubuntu-latest, 8.2)	Run tests with PHPUnit	2024-09-28T00:32:06.5183548Z .................................                             3876 / 3876 (100%)
Unit Tests (ubuntu-latest, 8.2)	Run tests with PHPUnit	2024-09-28T00:32:06.5184148Z 
Unit Tests (ubuntu-latest, 8.2)	Run tests with PHPUnit	2024-09-28T00:32:06.5184764Z Time: 00:01.025, Memory: 50.00 MB
Unit Tests (ubuntu-latest, 8.2)	Run tests with PHPUnit	2024-09-28T00:32:06.5185369Z 
Unit Tests (ubuntu-latest, 8.2)	Run tests with PHPUnit	2024-09-28T00:32:06.5186031Z OK, but some tests were skipped!
Unit Tests (ubuntu-latest, 8.2)	Run tests with PHPUnit	2024-09-28T00:32:06.5187042Z Tests: 3876, Assertions: 11097, Skipped: 4.
Unit Tests (ubuntu-latest, 8.2)	Post Checkout	2024-09-28T00:32:06.5320678Z Post job cleanup.
Unit Tests (ubuntu-latest, 8.2)	Post Checkout	2024-09-28T00:32:06.6244693Z [command]/usr/bin/git version
Unit Tests (ubuntu-latest, 8.2)	Post Checkout	2024-09-28T00:32:06.6280239Z git version 2.46.1
Unit Tests (ubuntu-latest, 8.2)	Post Checkout	2024-09-28T00:32:06.6323954Z Temporarily overriding HOME='/home/runner/work/_temp/cdebb60b-c397-4fe3-895c-93d06fa8d56b' before making global git config changes
Unit Tests (ubuntu-latest, 8.2)	Post Checkout	2024-09-28T00:32:06.6326308Z Adding repository directory to the temporary git global config as a safe directory
Unit Tests (ubuntu-latest, 8.2)	Post Checkout	2024-09-28T00:32:06.6330675Z [command]/usr/bin/git config --global --add safe.directory /home/runner/work/phpunit/phpunit
Unit Tests (ubuntu-latest, 8.2)	Post Checkout	2024-09-28T00:32:06.6365362Z [command]/usr/bin/git config --local --name-only --get-regexp core\.sshCommand
Unit Tests (ubuntu-latest, 8.2)	Post Checkout	2024-09-28T00:32:06.6396322Z [command]/usr/bin/git submodule foreach --recursive sh -c "git config --local --name-only --get-regexp 'core\.sshCommand' && git config --local --unset-all 'core.sshCommand' || :"
Unit Tests (ubuntu-latest, 8.2)	Post Checkout	2024-09-28T00:32:06.6623783Z [command]/usr/bin/git config --local --name-only --get-regexp http\.https\:\/\/github\.com\/\.extraheader
Unit Tests (ubuntu-latest, 8.2)	Post Checkout	2024-09-28T00:32:06.6644046Z http.https://github.com/.extraheader
Unit Tests (ubuntu-latest, 8.2)	Post Checkout	2024-09-28T00:32:06.6655959Z [command]/usr/bin/git config --local --unset-all http.https://github.com/.extraheader
Unit Tests (ubuntu-latest, 8.2)	Post Checkout	2024-09-28T00:32:06.6687149Z [command]/usr/bin/git submodule foreach --recursive sh -c "git config --local --name-only --get-regexp 'http\.https\:\/\/github\.com\/\.extraheader' && git config --local --unset-all 'http.https://github.com/.extraheader' || :"
Unit Tests (ubuntu-latest, 8.2)	Complete job	2024-09-28T00:32:06.7107704Z Cleaning up orphan processes
